[corefindings.com/index.html]
[corefindings.com/wp-content/cache/minify/000000/fY0xDsIwDEUvRDCduAIDAxIDIwqJKUaJXcVupd6-actQhMRmPT_918DZj1iuiSIWUPNGAYIqpBnrgncNBGHzwdxTSnZHIA6pj6iLqTYm1CqhKrKRT64tFKHrH6mO-UrtY6IZcTu7BYd1_J92gBO1L-R4]
[backblue.gif]
[fade.gif]
[index.html]
[corefindings.com/feed/index.html]
[corefindings.com/wp-content/cache/minify/000000/DcpLDoAgDAXAG9F4JMWXUFMK9GPi7SWZ5RxkeF34htHMS7jS6Y5weraVsK9EQ8dMra3sPCSDh5bO-gM.js]
[corefindings.com/wp-content/cache/minify/000000/lY9LDoMwDAUvBIkqrtFdT2CCFQz5UNuRyu0baNRdJbqznmZsv8Euz4K8d0Mb-kieQdFESt3N3mFHfgSakK0oKDm7iPWMmCS79ScRjlTO1KyMoIUh4kRg2r0rojIkIaWcpPIogkkJQu-ZJruVMVQFaqpy]
[corefindings.com/comments/feed/index.html]
[corefindings.com/xmlrpc0db0.php]
[corefindings.com/wp-json/index.html]
[corefindings.com/wp-includes/wlwmanifest.xml]
[corefindings.com/wp-json/oembed/1.0/embedd870.json]
[corefindings.com/wp-json/oembed/1.0/embedc573]
[corefindings.com/quick-start/index.html]
[corefindings.com/our-services/index.html]
[corefindings.com/salesforce-administration/index.html]
[corefindings.com/wp-content/uploads/2015/09/Temp-logo-transparent.png]
[corefindings.com/salesforce-consulting/index.html]
[corefindings.com/contact-core-findings/index.html]
[corefindings.com/wp-content/uploads/2016/03/WhiteStairs.jpg]
[www.google-analytics.com/analytics.js]
[corefindings.com/wp-content/cache/minify/000000/M9RPzs8rSUwu0U3LL8rVNdfPzEvOKU1JLdbPAqLC0tSiSj2QjF5uZh4A.js]
[corefindings.com/wp-content/cache/minify/000000/M9RPzs8rSUwu0U3LL8rVNdfPzEvOKU1JLdbPKtYvTi7KLCgp1jHQ98hMz0jNSwkPgInhlcsqLE0tqtQDcvNzckLy8alJzi_NK0nJL88DAA.js]
[corefindings.com/wp-content/cache/minify/000000/TcxBDkAwEEDRC9EhHMLSzlKqBhXtVGcm4vbCyvYn7zegHqwKOQrpQEETfCwq6Py6YZyHHthln4RhPxXzbZyyUChauFKJYcL5AzXsPL4LYsxgmfEV_K_jkinKAw.js]
[corefindings.com/index.html]
[corefindings.com/wp-content/plugins/LayerSlider/static/css/blank.gif]
[corefindings.com/wp-content/cache/minify/000000/fY_BDoIwEER_SClEP8KjN8-bdoQ1pa27Ldi_F70QEsLxTV5mMq25cT8guMfdqBVOWc1I6dTu5XBM8BgR8gZ27de7QGrz9PioZwc5siZaFMo4ckBa7UCyPyfQFIPyBEsSi8I3I4ejvjj7ZuNeTGFjo2Cl]
[corefindings.com/wp-content/plugins/essential-grid/public/assets/images/ajax-loader.gif]
[corefindings.com/wp-content/plugins/essential-grid/public/assets/images/loader.gif]
[corefindings.com/wp-content/plugins/essential-grid/public/assets/font/egfontdde9.eot]
[corefindings.com/wp-content/plugins/essential-grid/public/assets/font/egfontdde9.woff]
[corefindings.com/wp-content/plugins/essential-grid/public/assets/font/egfontdde9.ttf]
[corefindings.com/wp-content/plugins/revslider/public/assets/fonts/revicons/revicons90c6.eot]
[corefindings.com/wp-content/plugins/revslider/public/assets/fonts/revicons/revicons90c6.woff]
[corefindings.com/wp-content/plugins/revslider/public/assets/fonts/revicons/revicons90c6.ttf]
[corefindings.com/wp-content/plugins/revslider/public/assets/assets/gridtile.png]
[corefindings.com/wp-content/plugins/revslider/public/assets/assets/gridtile_white.png]
[corefindings.com/wp-content/plugins/revslider/public/assets/assets/gridtile_3x3.png]
[corefindings.com/wp-content/plugins/revslider/public/assets/assets/gridtile_3x3_white.png]
[corefindings.com/wp-content/plugins/revslider/public/assets/assets/coloredbg.png]
[corefindings.com/wp-content/plugins/revslider/public/assets/assets/loader.gif]
[corefindings.com/wp-content/themes/HighendWP/css/fonts/sourcesanspro-regular-webfont.eot]
[corefindings.com/wp-content/themes/HighendWP/css/fonts/sourcesanspro-regular-webfont.woff]
[corefindings.com/wp-content/themes/HighendWP/css/fonts/sourcesanspro-regular-webfont.ttf]
[corefindings.com/wp-content/themes/HighendWP/css/fonts/sourcesanspro-regular-webfontd41d.eot]
[corefindings.com/wp-content/themes/HighendWP/css/fonts/sourcesanspro-bold-webfont.eot]
[corefindings.com/wp-content/themes/HighendWP/css/fonts/sourcesanspro-bold-webfontd41d.eot]
[corefindings.com/wp-content/themes/HighendWP/css/fonts/sourcesanspro-bold-webfont.woff]
[corefindings.com/wp-content/themes/HighendWP/css/fonts/sourcesanspro-bold-webfont.ttf]
[corefindings.com/wp-content/themes/HighendWP/css/fonts/Museo500-Regular-webfont.eot]
[corefindings.com/wp-content/themes/HighendWP/css/fonts/Museo500-Regular-webfont.woff]
[corefindings.com/wp-content/themes/HighendWP/css/fonts/Museo500-Regular-webfont.ttf]
[corefindings.com/wp-content/themes/HighendWP/css/fonts/Museo500-Regular-webfontd41d.eot]
[corefindings.com/wp-content/themes/HighendWP/css/fonts/SourceSansPro-Semiboldd41d.eot]
[corefindings.com/wp-content/themes/HighendWP/css/fonts/SourceSansPro-Semibold.woff]
[corefindings.com/wp-content/themes/HighendWP/css/fonts/SourceSansPro-Semibold.ttf]
[corefindings.com/wp-content/themes/HighendWP/images/select-icon.png]
[corefindings.com/wp-content/themes/HighendWP/images/preloader.gif]
[corefindings.com/wp-content/themes/HighendWP/images/search.png]
[corefindings.com/wp-content/themes/HighendWP/images/pattern-overlay.png]
[corefindings.com/wp-content/themes/HighendWP/images/loader.gif]
[corefindings.com/wp-content/themes/images/grabbing.png]
[corefindings.com/wp-content/themes/images/AjaxLoader.gif]
[corefindings.com/wp-content/themes/HighendWP/images/plus-icon.png]
[corefindings.com/wp-content/themes/HighendWP/images/plus.png]
[corefindings.com/wp-content/themes/HighendWP/images/map.png]
[corefindings.com/wp-content/themes/HighendWP/images/background.png]
[corefindings.com/wp-content/themes/HighendWP/images/sep.png]
[corefindings.com/wp-content/themes/HighendWP/images/me-controls.png]
[corefindings.com/wp-content/themes/HighendWP/images/prettyPhoto/default/sprite.png]
[corefindings.com/wp-content/themes/HighendWP/images/prettyPhoto/default/sprite_x.png]
[corefindings.com/wp-content/themes/HighendWP/images/prettyPhoto/default/sprite_y.png]
[corefindings.com/wp-content/themes/HighendWP/images/prettyPhoto/default/sprite_next.png]
[corefindings.com/wp-content/themes/HighendWP/images/prettyPhoto/default/sprite_prev.png]
[corefindings.com/wp-content/themes/HighendWP/images/prettyPhoto/default/default_thumb.png]
[corefindings.com/wp-content/themes/HighendWP/images/prettyPhoto/default/loader.gif]
[corefindings.com/wp-content/themes/HighendWP/images/prettyPhoto/facebook/default_thumbnail.gif]
[corefindings.com/wp-content/themes/HighendWP/images/prettyPhoto/light_rounded/loader.gif]
[corefindings.com/wp-content/themes/HighendWP/images/prettyPhoto/dark_rounded/contentPattern.png]
[corefindings.com/wp-content/themes/HighendWP/css/fontawesome/fontawesome-webfont.eot]
[corefindings.com/wp-content/themes/HighendWP/css/fontawesome/fontawesome-webfontd41d.eot]
[corefindings.com/wp-content/themes/HighendWP/css/fontawesome/fontawesome-webfont.woff]
[corefindings.com/wp-content/themes/HighendWP/css/fontawesome/fontawesome-webfont.ttf]
[corefindings.com/wp-content/themes/HighendWP/css/icomoon/Icomoon.eot]
[corefindings.com/wp-content/themes/HighendWP/css/icomoon/Icomoond41d.eot]
[corefindings.com/wp-content/themes/HighendWP/css/icomoon/Icomoon.woff]
[corefindings.com/wp-content/themes/HighendWP/css/icomoon/Icomoon.ttf]
[corefindings.com/wp-content/themes/HighendWP/css/icomoon/hbicons.eot]
[corefindings.com/wp-content/themes/HighendWP/css/icomoon/hbiconsd41d.eot]
[corefindings.com/wp-content/themes/HighendWP/css/icomoon/hbicons.woff]
[corefindings.com/wp-content/themes/HighendWP/css/icomoon/hbicons.ttf]
[corefindings.com/wp-content/plugins/js_composer/assets/vc/alert.png]
[corefindings.com/wp-content/plugins/js_composer/assets/vc/info.png]
[corefindings.com/wp-content/plugins/js_composer/assets/vc/tick.png]
[corefindings.com/wp-content/plugins/js_composer/assets/vc/exclamation.png]
[corefindings.com/wp-content/plugins/js_composer/assets/images/icons/address-book.png]
[corefindings.com/wp-content/plugins/js_composer/assets/images/icons/alarm-clock.png]
[corefindings.com/wp-content/plugins/js_composer/assets/images/icons/anchor.png]
[corefindings.com/wp-content/plugins/js_composer/assets/images/icons/application-image.png]
[corefindings.com/wp-content/plugins/js_composer/assets/images/icons/arrow.png]
[corefindings.com/wp-content/plugins/js_composer/assets/images/icons/asterisk.png]
[corefindings.com/wp-content/plugins/js_composer/assets/images/icons/auction-hammer.png]
[corefindings.com/wp-content/plugins/js_composer/assets/images/icons/balloon.png]
[corefindings.com/wp-content/plugins/js_composer/assets/images/icons/balloon-buzz.png]
[corefindings.com/wp-content/plugins/js_composer/assets/images/icons/balloon-facebook.png]
[corefindings.com/wp-content/plugins/js_composer/assets/images/icons/balloon-twitter.png]
[corefindings.com/wp-content/plugins/js_composer/assets/images/icons/battery-full.png]
[corefindings.com/wp-content/plugins/js_composer/assets/images/icons/binocular.png]
[corefindings.com/wp-content/plugins/js_composer/assets/images/icons/blue-document-excel.png]
[corefindings.com/wp-content/plugins/js_composer/assets/images/icons/blue-document-image.png]
[corefindings.com/wp-content/plugins/js_composer/assets/images/icons/blue-document-music.png]
[corefindings.com/wp-content/plugins/js_composer/assets/images/icons/blue-document-office.png]
[corefindings.com/wp-content/plugins/js_composer/assets/images/icons/blue-document-pdf.png]
[corefindings.com/wp-content/plugins/js_composer/assets/images/icons/blue-document-powerpoint.png]
[corefindings.com/wp-content/plugins/js_composer/assets/images/icons/blue-document-word.png]
[corefindings.com/wp-content/plugins/js_composer/assets/images/icons/bookmark.png]
[corefindings.com/wp-content/plugins/js_composer/assets/images/icons/camcorder.png]
[corefindings.com/wp-content/plugins/js_composer/assets/images/icons/camera.png]
[corefindings.com/wp-content/plugins/js_composer/assets/images/icons/chart.png]
[corefindings.com/wp-content/plugins/js_composer/assets/images/icons/chart-pie.png]
[corefindings.com/wp-content/plugins/js_composer/assets/images/icons/clock.png]
[corefindings.com/wp-content/plugins/js_composer/assets/images/icons/control.png]
[corefindings.com/wp-content/plugins/js_composer/assets/images/icons/fire.png]
[corefindings.com/wp-content/plugins/js_composer/assets/images/icons/heart.png]
[corefindings.com/wp-content/plugins/js_composer/assets/images/icons/mail.png]
[corefindings.com/wp-content/plugins/js_composer/assets/images/icons/plus-shield.png]
[corefindings.com/wp-content/plugins/js_composer/assets/images/icons/video.png]
[corefindings.com/wp-content/plugins/js_composer/assets/images/toggle_open.png]
[corefindings.com/wp-content/plugins/js_composer/assets/images/toggle_close.png]
[corefindings.com/wp-content/plugins/js_composer/assets/images/flickr.png]
[corefindings.com/wp-content/plugins/js_composer/assets/fonts/vc_grid/vc_grid_v157a1.eot]
[corefindings.com/wp-content/plugins/js_composer/assets/fonts/vc_grid/vc_grid_v1d41d.eot]
[corefindings.com/wp-content/plugins/js_composer/assets/fonts/vc_grid/vc_grid_v157a1.woff]
[corefindings.com/wp-content/plugins/js_composer/assets/fonts/vc_grid/vc_grid_v157a1.ttf]
[corefindings.com/wp-content/cache/minify/000000/fY0xDsIwDEUvRDCduAIDAxIDIwqJKUaJXcVupd6-actQhMRmPT_918DZj1iuiSIWUPNGAYIqpBnrgncNBGHzwdxTSnZHIA6pj6iLqTYm1CqhKrKRT64tFKHrH6mO-UrtY6IZcTu7BYd1_J92gBO1L-R4]
[corefindings.com/xmlrpc.php]
[fonts.googleapis.com/css0f22.css]
[fonts.googleapis.com/cssdd47.css]
[fonts.googleapis.com/cssa75b.css]
[fonts.googleapis.com/cssf774.css]
[corefindings.com/TweenLite.js]
[corefindings.com/2t/index.html]
[ajax.googleapis.com/ajax/libs/webfont/1/webfont.js]
[corefindings.com/61/dd/index.html]
[corefindings.com/wp-content/cache/minify/000000/lY9LDoMwDAUvBIkqrtFdT2CCFQz5UNuRyu0baNRdJbqznmZsv8Euz4K8d0Mb-kieQdFESt3N3mFHfgSakK0oKDm7iPWMmCS79ScRjlTO1KyMoIUh4kRg2r0rojIkIaWcpPIogkkJQu-ZJruVMVQFaqpy]
[corefindings.com/Version/index.html]
[corefindings.com/themepunch.revolution.min.js]
[corefindings.com/jquery.themepunch.revolution.min.js]
[corefindings.com/jquery.themepunch.revolution.js]
[corefindings.com/wp-content/cache/minify/000000/DcpLDoAgDAXAG9F4JMWXUFMK9GPi7SWZ5RxkeF34htHMS7jS6Y5weraVsK9EQ8dMra3sPCSDh5bO-gM.js]
[corefindings.com/wp-content/cache/minify/000000/M9TPKo5Pzs8tyC9OLdJPLC5OLSnWTy4u1s_JTNIvS9bNycxLTc7PKway42Hs-EwQCQA.css]
[corefindings.com/wp-json/oembed/1.0/embedca50.json]
[corefindings.com/our-services/feed/index.html]
[corefindings.com/wp-json/oembed/1.0/embedbf57]
[corefindings.com/wp-content/uploads/2014/12/3QUX997QOD.jpg]
[corefindings.com/wp-content/cache/minify/000000/TYyxDoMwDAV_CHBR-QjGbh0RDa8lCMfBdoT4-xamjnfS3Z1KpLG4BOG8wtFwTNWN-viZkabngyxozG60bAV6NKGYC1cd_QJG8lqR1-OqOtpzDX5hurClxYZzKwal0Qznxf7t8FZJ_gU.js]
[corefindings.com/our-services/index.html]
[corefindings.com/wp-json/oembed/1.0/embed62da.json]
[corefindings.com/quick-start/feed/index.html]
[corefindings.com/wp-json/oembed/1.0/embed091f]
[corefindings.com/wp-content/uploads/2014/12/Sunset-Paddle-Board.jpg]
[corefindings.com/wp-content/uploads/2015/09/write13-1-150x150.png]
[corefindings.com/wp-content/uploads/2016/03/icon-150x150.png]
[corefindings.com/wp-content/uploads/2016/03/people-150x150.png]
[corefindings.com/quick-start/index.html]
[corefindings.com/wp-json/oembed/1.0/embedfb6a.json]
[corefindings.com/salesforce-administration/feed/index.html]
[corefindings.com/wp-json/oembed/1.0/embedf68b]
[corefindings.com/wp-content/uploads/2015/09/188H.jpg]
[corefindings.com/wp-content/uploads/2016/03/business-150x150.png]
[corefindings.com/salesforce-administration/index.html]
[corefindings.com/wp-json/oembed/1.0/embed9f01.json]
[corefindings.com/salesforce-consulting/feed/index.html]
[corefindings.com/wp-json/oembed/1.0/embed17a4]
[corefindings.com/wp-content/uploads/2015/09/Hazy-Stairs.jpg]
[corefindings.com/salesforce-consulting/index.html]
[corefindings.com/wp-json/oembed/1.0/embed9a27.json]
[corefindings.com/wp-json/oembed/1.0/embed41a6]
[corefindings.com/wp-content/uploads/2015/11/RXCC41RYZ7.jpg]
[corefindings.com/contact-core-findings/index.html]
[corefindings.com/wp-content/uploads/2016/03/WhiteStairs.jpg]
[fonts.googleapis.com/css2f8f.css]
[fonts.googleapis.com/css6afc.css]
[corefindings.com/wp-content/cache/minify/000000/M9RPzs8rSUwu0U3LL8rVNdfPzEvOKU1JLdbPAqLC0tSiSj2QjF5uZh4A.js]
[corefindings.com/wp-content/cache/minify/000000/M9RPzs8rSUwu0U3LL8rVNdfPzEvOKU1JLdbPKtYvTi7KLCgp1jHQ98hMz0jNSwkPgInhlcsqLE0tqtQDcvNzckLy8alJzi_NK0nJL88DAA.js]
[corefindings.com/youtu.be/index.html]
[corefindings.com/mediaelement.min.js]
[corefindings.com/mediaelement-and-player.js]
[corefindings.com/wp-content/cache/minify/000000/fY_BDoIwEER_SClEP8KjN8-bdoQ1pa27Ldi_F70QEsLxTV5mMq25cT8guMfdqBVOWc1I6dTu5XBM8BgR8gZ27de7QGrz9PioZwc5siZaFMo4ckBa7UCyPyfQFIPyBEsSi8I3I4ejvjj7ZuNeTGFjo2Cl]
[apis.google.com/js/plusone.js]
[assets.pinterest.com/js/pinit.js]
[corefindings.com/wp-content/cache/minify/000000/TcxBDkAwEEDRC9EhHMLSzlKqBhXtVGcm4vbCyvYn7zegHqwKOQrpQEETfCwq6Py6YZyHHthln4RhPxXzbZyyUChauFKJYcL5AzXsPL4LYsxgmfEV_K_jkinKAw.js]
[corefindings.com/wp-content/plugins/essential-grid/public/assets/font/egfontdde9.svg]
[corefindings.com/wp-content/plugins/revslider/public/assets/fonts/revicons/revicons90c6.svg]
[corefindings.com/wp-content/plugins/revslider/public/assets/css/openhand.html]
[corefindings.com/wp-content/plugins/revslider/public/assets/css/closedhand.html]
[corefindings.com/wp-content/themes/HighendWP/css/fonts/sourcesanspro-regular-webfont.svg]
[corefindings.com/wp-content/themes/HighendWP/css/fonts/sourcesanspro-bold-webfont.svg]
[corefindings.com/wp-content/themes/HighendWP/css/fonts/Museo500-Regular-webfont.svg]
[corefindings.com/wp-content/themes/HighendWP/css/fonts/SourceSansPro-Semibold.svg]
[corefindings.com/wp-content/themes/images/grabbing.html]
[corefindings.com/wp-content/themes/images/AjaxLoader.html]
[corefindings.com/wp-content/themes/HighendWP/images/plus.html]
[corefindings.com/wp-content/themes/HighendWP/images/background.html]
[corefindings.com/wp-content/themes/HighendWP/images/prettyPhoto/facebook/default_thumbnail.html]
[corefindings.com/wp-content/themes/HighendWP/images/prettyPhoto/light_rounded/loader.html]
[corefindings.com/wp-content/themes/HighendWP/images/prettyPhoto/dark_rounded/contentPattern.html]
[corefindings.com/wp-content/themes/HighendWP/css/fontawesome/fontawesome-webfont.svg]
[corefindings.com/wp-content/themes/HighendWP/css/fontawesome/fontawesome-webfont.html]
[corefindings.com/wp-content/themes/HighendWP/css/icomoon/Icomoon.svg]
[corefindings.com/wp-content/themes/HighendWP/css/icomoon/hbicons.svg]
[corefindings.com/wp-content/plugins/js_composer/assets/fonts/vc_grid/vc_grid_v157a1.svg]
[corefindings.com/bl/index.html]
[corefindings.com/blog/index.html]
[corefindings.com/6M_/eA.ev.3H/eu/4/61-21-et/index.html]
[corefindings.com/cu/index.html]
[corefindings.com/portfolio/cube/index.html]
[corefindings.com/2t/index.html]
[corefindings.com/61/dd/index.html]
[corefindings.com/TweenLite.html]
[corefindings.com/Version/index.html]
[corefindings.com/themepunch.revolution.min.html]
[corefindings.com/jquery.themepunch.revolution.min.html]
[corefindings.com/jquery.themepunch.revolution.html]
[corefindings.com/wp-content/plugins/js_composer/assets/css/lib/vc-linecons/fonts/vc_linecons.eot]
[corefindings.com/wp-content/cache/minify/000000/M9TPKo5Pzs8tyC9OLdJPLC5OLSnWTy4u1s_JTNIvS9bNycxLTc7PKway42Hs-EwQCQA.css]
[corefindings.com/index29f2.html]
[corefindings.com/wp-content/cache/minify/000000/TYyxDoMwDAV_CHBR-QjGbh0RDa8lCMfBdoT4-xamjnfS3Z1KpLG4BOG8wtFwTNWN-viZkabngyxozG60bAV6NKGYC1cd_QJG8lqR1-OqOtpzDX5hurClxYZzKwal0Qznxf7t8FZJ_gU.js]
[corefindings.com/wp-content/uploads/2014/12/3QUX997QOD.jpg]
[corefindings.com/indexfd2c.html]
[corefindings.com/indexcde5.html]
[corefindings.com/indexf351.html]
[corefindings.com/index0a64.html]
[corefindings.com/wp-content/uploads/2015/09/188H.jpg]
[corefindings.com/youtu.be/index.html]
[corefindings.com/mediaelement.min.html]
[corefindings.com/mediaelement-and-player.html]
[corefindings.com/wp-content/uploads/2015/11/RXCC41RYZ7.jpg]
[corefindings.com/wp-json/oembed/1.0/embed9967.json]
[corefindings.com/wp-content/cache/minify/000000/fc0xDsIwDIXhCxGZTlyBgQGJgTk4JlhKncp2K_X2JC0LQmL9_el5gEtcSW-FEymYR2cENIPSs235MABW8YgenlXHcAIWLHMi26T5WsgaIjMS51hCVk4wzY_SxmKr_pHkzpK7VVr28X_sCGfOL5J0v-5f]
[corefindings.com/wp-json/oembed/1.0/embed88d4]
[corefindings.com/blog/feed/index.html]
[corefindings.com/wp-content/cache/minify/000000/Hcs7DoAgDADQCwE1kUM4ujkrNIqhgNDGcHs_4xveCBJgFc4uU4nIaCgkNcAU9gOTX2ZorobCDc5LsHbjpHEmZeENhIl1xRL7vyzcRSNt6D8-.js]
[corefindings.com/blog/index.html]
[corefindings.com/wp-json/oembed/1.0/embedd8d0.json]
[corefindings.com/portfolio/kj-reality/index.html]
[corefindings.com/wp-json/oembed/1.0/embed7076]
[hb-themes.com/themes/highend/presentation/wp-content/uploads/sites/3/2014/12/bg-15.jpg]
[corefindings.com/wp-content/uploads/2015/01/portfolio-01.jpg]
[hb-themes.com/themes/highend/presentation/wp-content/uploads/sites/3/2015/02/ann_taylor_testimonial.jpg]
[corefindings.com/wp-content/uploads/2014/04/portfolio-03-289x216.jpg]
[corefindings.com/portfolio/happy-cup/index.html]
[corefindings.com/wp-content/uploads/2014/04/portfolio-05-289x216.jpg]
[corefindings.com/portfolio/electrik-bulb/index.html]
[corefindings.com/wp-content/uploads/2014/04/portfolio-07-289x216.jpg]
[corefindings.com/wp-content/uploads/2014/04/portfolio-04-289x216.jpg]
[corefindings.com/portfolio/williams-studio/index.html]
[corefindings.com/portfolio/cube/index.html]
[corefindings.com/portfolio/umbrella-design/index.html]
[corefindings.com/wp-content/uploads/2014/12/3QUX997QOD.jpg]
[corefindings.com/wp-content/cache/minify/000000/fc0xDsIwDIXhCxGZTlyBgQGJgTk4JlhKncp2K_X2JC0LQmL9_el5gEtcSW-FEymYR2cENIPSs235MABW8YgenlXHcAIWLHMi26T5WsgaIjMS51hCVk4wzY_SxmKr_pHkzpK7VVr28X_sCGfOL5J0v-5f]
[corefindings.com/index22b3.html]
[corefindings.com/wp-content/cache/minify/000000/Hcs7DoAgDADQCwE1kUM4ujkrNIqhgNDGcHs_4xveCBJgFc4uU4nIaCgkNcAU9gOTX2ZorobCDc5LsHbjpHEmZeENhIl1xRL7vyzcRSNt6D8-.js]
[corefindings.com/wp-json/oembed/1.0/embed116e.json]
[corefindings.com/portfolio/retro-bike/index.html]
[corefindings.com/wp-json/oembed/1.0/embede399]
[corefindings.com/wp-content/uploads/2014/04/portfolio-09-289x216.jpg]
[corefindings.com/wp-content/uploads/2015/01/portfolio-01-289x216.jpg]
[corefindings.com/portfolio/kj-reality/index.html]
[corefindings.com/index9e0f.html]
[corefindings.com/portfolio/frenzo/index.html]
[corefindings.com/wp-json/oembed/1.0/embedbc60.json]
[corefindings.com/portfolio/squabbler/index.html]
[corefindings.com/wp-json/oembed/1.0/embedf2ee]
[corefindings.com/wp-content/uploads/2014/04/portfolio-03.jpg]
[corefindings.com/wp-content/uploads/2014/04/portfolio-11-289x216.jpg]
[corefindings.com/portfolio/happy-cup/index.html]
[corefindings.com/wp-json/oembed/1.0/embed731e.json]
[corefindings.com/portfolio/bonfire-lab/index.html]
[corefindings.com/wp-json/oembed/1.0/embed6c73]
[corefindings.com/wp-content/uploads/2014/04/portfolio-10-289x216.jpg]
[corefindings.com/portfolio/electrik-bulb/index.html]
[corefindings.com/wp-json/oembed/1.0/embed0435.json]
[corefindings.com/portfolio/miamond/index.html]
[corefindings.com/portfolio/malford-london/index.html]
[corefindings.com/wp-json/oembed/1.0/embed307b]
[hb-themes.com/themes/highend_wp/wp-content/uploads/2014/04/bg-white-cover.jpg]
[corefindings.com/wp-content/uploads/2014/04/portfolio-06-289x216.jpg]
[corefindings.com/wp-content/uploads/2014/04/portfolio-02-289x216.jpg]
[corefindings.com/portfolio/williams-studio/index.html]
[corefindings.com/wp-json/oembed/1.0/embed2675.json]
[corefindings.com/wp-json/oembed/1.0/embed371e]
[corefindings.com/portfolio/umbrella-design/index.html]
[corefindings.com/wp-json/oembed/1.0/embed239e.json]
[corefindings.com/wp-json/oembed/1.0/embed7df3]
[hb-themes.com/themes/highend_wp/wp-content/uploads/2014/04/classic-4.jpg]
[corefindings.com/portfolio/retro-bike/index.html]
[corefindings.com/indexa260.html]
[corefindings.com/wp-json/oembed/1.0/embedc830.json]
[corefindings.com/wp-json/oembed/1.0/embed6a92]
[corefindings.com/wp-content/uploads/2014/04/portfolio-09.jpg]
[corefindings.com/wp-content/uploads/2014/04/portfolio-08-289x216.jpg]
[corefindings.com/portfolio/frenzo/index.html]
[corefindings.com/wp-json/oembed/1.0/embedf384.json]
[corefindings.com/wp-json/oembed/1.0/embed9d2b]
[corefindings.com/wp-content/uploads/2014/04/portfolio-11.jpg]
[corefindings.com/portfolio/squabbler/index.html]
[corefindings.com/index1557.html]
[corefindings.com/wp-json/oembed/1.0/embed37a4.json]
[corefindings.com/wp-json/oembed/1.0/embed881f]
[corefindings.com/wp-content/cache/minify/000000/Tc0xDoMwDIXhC6WYih6CkY0RUcelRiRObUeot6_C1PVJ3_sHqAxrdUFJ5SCnLnEOPYy8vSnHeQJD5eIG-6eSfjus5pLCA85yo_SkeIE77La0CzFSWM2oCftfl5dK9jBcQUTRyJIb_gE.js]
[corefindings.com/portfolio/bonfire-lab/index.html]
[corefindings.com/index20a4.html]
[corefindings.com/wp-json/oembed/1.0/embed5171.json]
[corefindings.com/wp-json/oembed/1.0/embedab94]
[corefindings.com/portfolio/miamond/index.html]
[corefindings.com/wp-json/oembed/1.0/embed2938.json]
[corefindings.com/wp-json/oembed/1.0/embed2a20]
[corefindings.com/portfolio/malford-london/index.html]
[corefindings.com/index4fd2.html]
[corefindings.com/index6353.html]
[corefindings.com/indexf7f8.html]
[corefindings.com/indexe982.html]
[corefindings.com/index9ed5.html]
[corefindings.com/indexc79d.html]
[corefindings.com/wp-content/cache/minify/000000/Tc0xDoMwDIXhC6WYih6CkY0RUcelRiRObUeot6_C1PVJ3_sHqAxrdUFJ5SCnLnEOPYy8vSnHeQJD5eIG-6eSfjus5pLCA85yo_SkeIE77La0CzFSWM2oCftfl5dK9jBcQUTRyJIb_gE.js]
[corefindings.com/index6c6e.html]
[corefindings.com/indexb284.html]
